[
  {
    "type": "tag",
    "key": "TODO",
    "matches": [
      {
        "type": "filePath",
        "key": "test/fixtures/one_todo_single_line/index.js",
        "matches": [
          {
            "filePath": "test/fixtures/one_todo_single_line/index.js",
            "tag": "TODO",
            "startLineNo": 1,
            "lines": [
              "example"
            ],
            "labels": []
          }
        ]
      }
    ]
  }
]
