[
  {
    "type": "labels",
    "key": "[NO LABEL]",
    "matches": [
      {
        "filePath": "test/fixtures/labelsIsBlacklist_true/main.rs",
        "tag": "TODO",
        "startLineNo": 2,
        "lines": [
          "included"
        ],
        "labels": []
      }
    ]
  },
  {
    "type": "labels",
    "key": "label2",
    "matches": [
      {
        "filePath": "test/fixtures/labelsIsBlacklist_true/main.rs",
        "tag": "TODO",
        "startLineNo": 4,
        "lines": [
          "included"
        ],
        "labels": [
          "label2"
        ]
      },
      {
        "filePath": "test/fixtures/labelsIsBlacklist_true/main.rs",
        "tag": "TODO",
        "startLineNo": 6,
        "lines": [
          "included"
        ],
        "labels": [
          "label2",
          "label3"
        ]
      }
    ]
  },
  {
    "type": "labels",
    "key": "label3",
    "matches": [
      {
        "filePath": "test/fixtures/labelsIsBlacklist_true/main.rs",
        "tag": "TODO",
        "startLineNo": 6,
        "lines": [
          "included"
        ],
        "labels": [
          "label2",
          "label3"
        ]
      }
    ]
  }
]