[
  {
    "type": "labels",
    "key": "[NO LABEL]",
    "matches": [
      {
        "filePath": "test/fixtures/one_todo_multi_line/index.js",
        "tag": "TODO",
        "startLineNo": 1,
        "lines": [
          "example line 1",
          "line 2",
          "line 3"
        ],
        "labels": []
      }
    ]
  }
]
