[
  {
    "type": "labels",
    "key": "[NO LABEL]",
    "matches": [
      {
        "filePath": "test/fixtures/labelsDelimiters/index.ts",
        "tag": "TODO",
        "startLineNo": 2,
        "lines": [
          "[not,a,label]: arstneio"
        ],
        "labels": []
      }
    ]
  },
  {
    "type": "labels",
    "key": "label1",
    "matches": [
      {
        "filePath": "test/fixtures/labelsDelimiters/index.ts",
        "tag": "TODO",
        "startLineNo": 3,
        "lines": [
          "qwfpluy'"
        ],
        "labels": [
          "label1",
          "label2",
          "label3"
        ]
      }
    ]
  },
  {
    "type": "labels",
    "key": "label2",
    "matches": [
      {
        "filePath": "test/fixtures/labelsDelimiters/index.ts",
        "tag": "TODO",
        "startLineNo": 3,
        "lines": [
          "qwfpluy'"
        ],
        "labels": [
          "label1",
          "label2",
          "label3"
        ]
      }
    ]
  },
  {
    "type": "labels",
    "key": "label3",
    "matches": [
      {
        "filePath": "test/fixtures/labelsDelimiters/index.ts",
        "tag": "TODO",
        "startLineNo": 3,
        "lines": [
          "qwfpluy'"
        ],
        "labels": [
          "label1",
          "label2",
          "label3"
        ]
      }
    ]
  }
]