[
  {
    "type": "tag",
    "key": "TODO",
    "matches": [
      {
        "type": "filePath",
        "key": "test/fixtures/labelsDelimiters/index.ts",
        "matches": [
          {
            "filePath": "test/fixtures/labelsDelimiters/index.ts",
            "tag": "TODO",
            "startLineNo": 2,
            "lines": [
              "[not,a,label]: arstneio"
            ],
            "labels": []
          },
          {
            "filePath": "test/fixtures/labelsDelimiters/index.ts",
            "tag": "TODO",
            "startLineNo": 3,
            "lines": [
              "qwfpluy'"
            ],
            "labels": [
              "label1",
              "label2",
              "label3"
            ]
          }
        ]
      }
    ]
  }
]
