[
  {
    "type": "filePath",
    "key": "test/fixtures/many_files/dir1/dir22/foobar.txt",
    "matches": [
      {
        "type": "labels",
        "key": "[NO LABEL]",
        "matches": [
          {
            "type": "tag",
            "key": "BUG",
            "matches": [
              {
                "filePath": "test/fixtures/many_files/dir1/dir22/foobar.txt",
                "tag": "BUG",
                "startLineNo": 1,
                "lines": [
                  "something's wrong"
                ],
                "labels": []
              },
              {
                "filePath": "test/fixtures/many_files/dir1/dir22/foobar.txt",
                "tag": "BUG",
                "startLineNo": 4,
                "lines": [
                  "something else is wrong"
                ],
                "labels": []
              }
            ]
          }
        ]
      }
    ]
  },
  {
    "type": "filePath",
    "key": "test/fixtures/many_files/dirBBB/my_script.js",
    "matches": [
      {
        "type": "labels",
        "key": "[NO LABEL]",
        "matches": [
          {
            "type": "tag",
            "key": "TODO",
            "matches": [
              {
                "filePath": "test/fixtures/many_files/dirBBB/my_script.js",
                "tag": "TODO",
                "startLineNo": 2,
                "lines": [
                  "too (but only the \"too\")"
                ],
                "labels": []
              }
            ]
          }
        ]
      },
      {
        "type": "labels",
        "key": "abc",
        "matches": [
          {
            "type": "tag",
            "key": "BUG",
            "matches": [
              {
                "filePath": "test/fixtures/many_files/dirBBB/my_script.js",
                "tag": "BUG",
                "startLineNo": 3,
                "lines": [
                  "do something about me",
                  "but later"
                ],
                "labels": [
                  "abc",
                  "def"
                ]
              }
            ]
          }
        ]
      },
      {
        "type": "labels",
        "key": "def",
        "matches": [
          {
            "type": "tag",
            "key": "BUG",
            "matches": [
              {
                "filePath": "test/fixtures/many_files/dirBBB/my_script.js",
                "tag": "BUG",
                "startLineNo": 3,
                "lines": [
                  "do something about me",
                  "but later"
                ],
                "labels": [
                  "abc",
                  "def"
                ]
              }
            ]
          }
        ]
      }
    ]
  },
  {
    "type": "filePath",
    "key": "test/fixtures/many_files/dirBBB/not_mine.php",
    "matches": [
      {
        "type": "labels",
        "key": "[NO LABEL]",
        "matches": [
          {
            "type": "tag",
            "key": "TODO",
            "matches": [
              {
                "filePath": "test/fixtures/many_files/dirBBB/not_mine.php",
                "tag": "TODO",
                "startLineNo": 1,
                "lines": [
                  "() {"
                ],
                "labels": []
              },
              {
                "filePath": "test/fixtures/many_files/dirBBB/not_mine.php",
                "tag": "TODO",
                "startLineNo": 2,
                "lines": [
                  "too! (and this comment)"
                ],
                "labels": []
              }
            ]
          }
        ]
      }
    ]
  },
  {
    "type": "filePath",
    "key": "test/fixtures/many_files/index.js",
    "matches": [
      {
        "type": "labels",
        "key": "[NO LABEL]",
        "matches": [
          {
            "type": "tag",
            "key": "TODO",
            "matches": [
              {
                "filePath": "test/fixtures/many_files/index.js",
                "tag": "TODO",
                "startLineNo": 1,
                "lines": [
                  "some text 1",
                  "second line",
                  "third line"
                ],
                "labels": []
              }
            ]
          }
        ]
      },
      {
        "type": "labels",
        "key": "label2",
        "matches": [
          {
            "type": "tag",
            "key": "TODO",
            "matches": [
              {
                "filePath": "test/fixtures/many_files/index.js",
                "tag": "TODO",
                "startLineNo": 4,
                "lines": [
                  "some text 2"
                ],
                "labels": [
                  "label2"
                ]
              }
            ]
          }
        ]
      },
      {
        "type": "labels",
        "key": "label3",
        "matches": [
          {
            "type": "tag",
            "key": "TODO",
            "matches": [
              {
                "filePath": "test/fixtures/many_files/index.js",
                "tag": "TODO",
                "startLineNo": 8,
                "lines": [
                  "some text 3",
                  "second second line"
                ],
                "labels": [
                  "label3"
                ]
              }
            ]
          }
        ]
      }
    ]
  },
  {
    "type": "filePath",
    "key": "test/fixtures/many_files/module2.py",
    "matches": [
      {
        "type": "labels",
        "key": "[NO LABEL]",
        "matches": [
          {
            "type": "tag",
            "key": "BUG",
            "matches": [
              {
                "filePath": "test/fixtures/many_files/module2.py",
                "tag": "BUG",
                "startLineNo": 3,
                "lines": [
                  "solve me"
                ],
                "labels": []
              }
            ]
          }
        ]
      }
    ]
  }
]
