[
  {
    "type": "labels",
    "key": "[NO LABEL]",
    "matches": [
      {
        "filePath": "test/fixtures/labels_false/main.rs",
        "tag": "TODO",
        "startLineNo": 2,
        "lines": [
          "included"
        ],
        "labels": []
      }
    ]
  }
]
