[
  {
    "type": "tag",
    "key": "TODO",
    "matches": [
      {
        "type": "filePath",
        "key": "test/fixtures/labelsSeparator/index.c",
        "matches": [
          {
            "filePath": "test/fixtures/labelsSeparator/index.c",
            "tag": "TODO",
            "startLineNo": 3,
            "lines": [
              "qwfpluy'"
            ],
            "labels": [
              "label1",
              "label2,",
              "label3"
            ]
          },
          {
            "filePath": "test/fixtures/labelsSeparator/index.c",
            "tag": "TODO",
            "startLineNo": 2,
            "lines": [
              "arstneio"
            ],
            "labels": [
              "label1,morelabel1"
            ]
          }
        ]
      }
    ]
  }
]