[
  {
    "type": "filePath",
    "key": "test/fixtures/start_regexp/hello.hs",
    "matches": [
      {
        "type": "labels",
        "key": ":",
        "matches": [
          {
            "type": "tag",
            "key": "TODO",
            "matches": [
              {
                "filePath": "test/fixtures/start_regexp/hello.hs",
                "tag": "TODO",
                "startLineNo": 15,
                "lines": [
                  ""
                ],
                "labels": [
                  ":"
                ]
              },
              {
                "filePath": "test/fixtures/start_regexp/hello.hs",
                "tag": "TODO",
                "startLineNo": 17,
                "lines": [
                  ""
                ],
                "labels": [
                  ":"
                ]
              },
              {
                "filePath": "test/fixtures/start_regexp/hello.hs",
                "tag": "TODO",
                "startLineNo": 23,
                "lines": [
                  ""
                ],
                "labels": [
                  ":"
                ]
              },
              {
                "filePath": "test/fixtures/start_regexp/hello.hs",
                "tag": "TODO",
                "startLineNo": 25,
                "lines": [
                  ""
                ],
                "labels": [
                  ":"
                ]
              },
              {
                "filePath": "test/fixtures/start_regexp/hello.hs",
                "tag": "TODO",
                "startLineNo": 27,
                "lines": [
                  ""
                ],
                "labels": [
                  ":"
                ]
              },
              {
                "filePath": "test/fixtures/start_regexp/hello.hs",
                "tag": "TODO",
                "startLineNo": 29,
                "lines": [
                  ""
                ],
                "labels": [
                  ":"
                ]
              },
              {
                "filePath": "test/fixtures/start_regexp/hello.hs",
                "tag": "TODO",
                "startLineNo": 31,
                "lines": [
                  ""
                ],
                "labels": [
                  ":"
                ]
              },
              {
                "filePath": "test/fixtures/start_regexp/hello.hs",
                "tag": "TODO",
                "startLineNo": 33,
                "lines": [
                  ""
                ],
                "labels": [
                  ":"
                ]
              },
              {
                "filePath": "test/fixtures/start_regexp/hello.hs",
                "tag": "TODO",
                "startLineNo": 35,
                "lines": [
                  ""
                ],
                "labels": [
                  ":"
                ]
              },
              {
                "filePath": "test/fixtures/start_regexp/hello.hs",
                "tag": "TODO",
                "startLineNo": 37,
                "lines": [
                  ""
                ],
                "labels": [
                  ":"
                ]
              },
              {
                "filePath": "test/fixtures/start_regexp/hello.hs",
                "tag": "TODO",
                "startLineNo": 63,
                "lines": [
                  "comment"
                ],
                "labels": [
                  ":"
                ]
              },
              {
                "filePath": "test/fixtures/start_regexp/hello.hs",
                "tag": "TODO",
                "startLineNo": 65,
                "lines": [
                  "comment"
                ],
                "labels": [
                  ":"
                ]
              },
              {
                "filePath": "test/fixtures/start_regexp/hello.hs",
                "tag": "TODO",
                "startLineNo": 67,
                "lines": [
                  "comment"
                ],
                "labels": [
                  ":"
                ]
              },
              {
                "filePath": "test/fixtures/start_regexp/hello.hs",
                "tag": "TODO",
                "startLineNo": 69,
                "lines": [
                  "comment"
                ],
                "labels": [
                  ":"
                ]
              },
              {
                "filePath": "test/fixtures/start_regexp/hello.hs",
                "tag": "TODO",
                "startLineNo": 71,
                "lines": [
                  "comment"
                ],
                "labels": [
                  ":"
                ]
              },
              {
                "filePath": "test/fixtures/start_regexp/hello.hs",
                "tag": "TODO",
                "startLineNo": 73,
                "lines": [
                  "comment"
                ],
                "labels": [
                  ":"
                ]
              },
              {
                "filePath": "test/fixtures/start_regexp/hello.hs",
                "tag": "TODO",
                "startLineNo": 75,
                "lines": [
                  "comment"
                ],
                "labels": [
                  ":"
                ]
              },
              {
                "filePath": "test/fixtures/start_regexp/hello.hs",
                "tag": "TODO",
                "startLineNo": 77,
                "lines": [
                  "comment"
                ],
                "labels": [
                  ":"
                ]
              },
              {
                "filePath": "test/fixtures/start_regexp/hello.hs",
                "tag": "TODO",
                "startLineNo": 79,
                "lines": [
                  "comment"
                ],
                "labels": [
                  ":"
                ]
              },
              {
                "filePath": "test/fixtures/start_regexp/hello.hs",
                "tag": "TODO",
                "startLineNo": 81,
                "lines": [
                  "comment"
                ],
                "labels": [
                  ":"
                ]
              },
              {
                "filePath": "test/fixtures/start_regexp/hello.hs",
                "tag": "TODO",
                "startLineNo": 83,
                "lines": [
                  "comment"
                ],
                "labels": [
                  ":"
                ]
              },
              {
                "filePath": "test/fixtures/start_regexp/hello.hs",
                "tag": "TODO",
                "startLineNo": 85,
                "lines": [
                  "comment"
                ],
                "labels": [
                  ":"
                ]
              },
              {
                "filePath": "test/fixtures/start_regexp/hello.hs",
                "tag": "TODO",
                "startLineNo": 87,
                "lines": [
                  "comment"
                ],
                "labels": [
                  ":"
                ]
              },
              {
                "filePath": "test/fixtures/start_regexp/hello.hs",
                "tag": "TODO",
                "startLineNo": 89,
                "lines": [
                  "comment"
                ],
                "labels": [
                  ":"
                ]
              },
              {
                "filePath": "test/fixtures/start_regexp/hello.hs",
                "tag": "TODO",
                "startLineNo": 91,
                "lines": [
                  "comment"
                ],
                "labels": [
                  ":"
                ]
              },
              {
                "filePath": "test/fixtures/start_regexp/hello.hs",
                "tag": "TODO",
                "startLineNo": 93,
                "lines": [
                  "comment"
                ],
                "labels": [
                  ":"
                ]
              },
              {
                "filePath": "test/fixtures/start_regexp/hello.hs",
                "tag": "TODO",
                "startLineNo": 95,
                "lines": [
                  "comment"
                ],
                "labels": [
                  ":"
                ]
              },
              {
                "filePath": "test/fixtures/start_regexp/hello.hs",
                "tag": "TODO",
                "startLineNo": 97,
                "lines": [
                  "comment"
                ],
                "labels": [
                  ":"
                ]
              },
              {
                "filePath": "test/fixtures/start_regexp/hello.hs",
                "tag": "TODO",
                "startLineNo": 99,
                "lines": [
                  "comment"
                ],
                "labels": [
                  ":"
                ]
              },
              {
                "filePath": "test/fixtures/start_regexp/hello.hs",
                "tag": "TODO",
                "startLineNo": 101,
                "lines": [
                  "comment"
                ],
                "labels": [
                  ":"
                ]
              }
            ]
          }
        ]
      },
      {
        "type": "labels",
        "key": "[",
        "matches": [
          {
            "type": "tag",
            "key": "TODO",
            "matches": [
              {
                "filePath": "test/fixtures/start_regexp/hello.hs",
                "tag": "TODO",
                "startLineNo": 39,
                "lines": [
                  ""
                ],
                "labels": [
                  "["
                ]
              },
              {
                "filePath": "test/fixtures/start_regexp/hello.hs",
                "tag": "TODO",
                "startLineNo": 43,
                "lines": [
                  "]"
                ],
                "labels": [
                  "["
                ]
              }
            ]
          }
        ]
      },
      {
        "type": "labels",
        "key": "[NO LABEL]",
        "matches": [
          {
            "type": "tag",
            "key": "TODO",
            "matches": [
              {
                "filePath": "test/fixtures/start_regexp/hello.hs",
                "tag": "TODO",
                "startLineNo": 1,
                "lines": [
                  ""
                ],
                "labels": []
              },
              {
                "filePath": "test/fixtures/start_regexp/hello.hs",
                "tag": "TODO",
                "startLineNo": 7,
                "lines": [
                  ""
                ],
                "labels": []
              },
              {
                "filePath": "test/fixtures/start_regexp/hello.hs",
                "tag": "TODO",
                "startLineNo": 9,
                "lines": [
                  ""
                ],
                "labels": []
              },
              {
                "filePath": "test/fixtures/start_regexp/hello.hs",
                "tag": "TODO",
                "startLineNo": 11,
                "lines": [
                  "[:"
                ],
                "labels": []
              },
              {
                "filePath": "test/fixtures/start_regexp/hello.hs",
                "tag": "TODO",
                "startLineNo": 13,
                "lines": [
                  "[ :"
                ],
                "labels": []
              },
              {
                "filePath": "test/fixtures/start_regexp/hello.hs",
                "tag": "TODO",
                "startLineNo": 19,
                "lines": [
                  "[:"
                ],
                "labels": []
              },
              {
                "filePath": "test/fixtures/start_regexp/hello.hs",
                "tag": "TODO",
                "startLineNo": 21,
                "lines": [
                  "[ :"
                ],
                "labels": []
              },
              {
                "filePath": "test/fixtures/start_regexp/hello.hs",
                "tag": "TODO",
                "startLineNo": 45,
                "lines": [
                  "comment"
                ],
                "labels": []
              },
              {
                "filePath": "test/fixtures/start_regexp/hello.hs",
                "tag": "TODO",
                "startLineNo": 51,
                "lines": [
                  "comment"
                ],
                "labels": []
              },
              {
                "filePath": "test/fixtures/start_regexp/hello.hs",
                "tag": "TODO",
                "startLineNo": 53,
                "lines": [
                  "comment"
                ],
                "labels": []
              },
              {
                "filePath": "test/fixtures/start_regexp/hello.hs",
                "tag": "TODO",
                "startLineNo": 55,
                "lines": [
                  "comment"
                ],
                "labels": []
              },
              {
                "filePath": "test/fixtures/start_regexp/hello.hs",
                "tag": "TODO",
                "startLineNo": 57,
                "lines": [
                  "comment"
                ],
                "labels": []
              },
              {
                "filePath": "test/fixtures/start_regexp/hello.hs",
                "tag": "TODO",
                "startLineNo": 59,
                "lines": [
                  "[: comment"
                ],
                "labels": []
              },
              {
                "filePath": "test/fixtures/start_regexp/hello.hs",
                "tag": "TODO",
                "startLineNo": 61,
                "lines": [
                  "[ :comment"
                ],
                "labels": []
              }
            ]
          }
        ]
      },
      {
        "type": "labels",
        "key": "]",
        "matches": [
          {
            "type": "tag",
            "key": "TODO",
            "matches": [
              {
                "filePath": "test/fixtures/start_regexp/hello.hs",
                "tag": "TODO",
                "startLineNo": 41,
                "lines": [
                  ""
                ],
                "labels": [
                  "]"
                ]
              }
            ]
          }
        ]
      },
      {
        "type": "labels",
        "key": "label1",
        "matches": [
          {
            "type": "tag",
            "key": "TODO",
            "matches": [
              {
                "filePath": "test/fixtures/start_regexp/hello.hs",
                "tag": "TODO",
                "startLineNo": 103,
                "lines": [
                  "comment"
                ],
                "labels": [
                  "label1",
                  "label2"
                ]
              },
              {
                "filePath": "test/fixtures/start_regexp/hello.hs",
                "tag": "TODO",
                "startLineNo": 105,
                "lines": [
                  "comment"
                ],
                "labels": [
                  "label1",
                  "label2"
                ]
              },
              {
                "filePath": "test/fixtures/start_regexp/hello.hs",
                "tag": "TODO",
                "startLineNo": 107,
                "lines": [
                  "comment"
                ],
                "labels": [
                  "label1",
                  "label2"
                ]
              }
            ]
          }
        ]
      },
      {
        "type": "labels",
        "key": "label2",
        "matches": [
          {
            "type": "tag",
            "key": "TODO",
            "matches": [
              {
                "filePath": "test/fixtures/start_regexp/hello.hs",
                "tag": "TODO",
                "startLineNo": 103,
                "lines": [
                  "comment"
                ],
                "labels": [
                  "label1",
                  "label2"
                ]
              },
              {
                "filePath": "test/fixtures/start_regexp/hello.hs",
                "tag": "TODO",
                "startLineNo": 105,
                "lines": [
                  "comment"
                ],
                "labels": [
                  "label1",
                  "label2"
                ]
              },
              {
                "filePath": "test/fixtures/start_regexp/hello.hs",
                "tag": "TODO",
                "startLineNo": 107,
                "lines": [
                  "comment"
                ],
                "labels": [
                  "label1",
                  "label2"
                ]
              }
            ]
          }
        ]
      }
    ]
  }
]